I'm sorry, but errors were detected in your script. Please correct the
errors listed below, and try again.


File "game/script.rpy", line 467: choice menuitem expects a non-empty block.
    "Rune merasa terkejut tapi yakin pada teman-temannya":
                                                          ^

Ren'Py Version: Ren'Py 8.3.2.24090902
Fri Nov  1 15:30:01 2024
